// Jest Snapshot v1, https://goo.gl/fbAQLP

exports[`<TodoListCreateItem /> renders snapshot 1`] = `
.emotion-6 {
  display: -webkit-box;
  display: -webkit-flex;
  display: -ms-flexbox;
  display: flex;
  -webkit-flex-wrap: wrap;
  -ms-flex-wrap: wrap;
  flex-wrap: wrap;
  margin-bottom: 15px;
}

.emotion-6 * {
  margin-right: 15px;
}

.emotion-0 {
  padding: 5px 10px;
  border-radius: 5px;
  box-shadow: none;
  border: 1px solid #afafaf;
}

<form
  action="#"
  onReset={[Function]}
  onSubmit={[Function]}
>
  <div
    className="emotion-6 emotion-7"
  >
    <input
      className="emotion-0 emotion-1"
      form={
        Object {
          "dirty": false,
          "errors": Object {},
          "getFieldHelpers": [Function],
          "getFieldMeta": [Function],
          "getFieldProps": [Function],
          "handleBlur": [Function],
          "handleChange": [Function],
          "handleReset": [Function],
          "handleSubmit": [Function],
          "initialErrors": Object {},
          "initialStatus": undefined,
          "initialTouched": Object {},
          "initialValues": Object {
            "title": "",
          },
          "isSubmitting": false,
          "isValid": true,
          "isValidating": false,
          "registerField": [Function],
          "resetForm": [Function],
          "setErrors": [Function],
          "setFieldError": [Function],
          "setFieldTouched": [Function],
          "setFieldValue": [Function],
          "setFormikState": [Function],
          "setStatus": [Function],
          "setSubmitting": [Function],
          "setTouched": [Function],
          "setValues": [Function],
          "status": undefined,
          "submitCount": 0,
          "submitForm": [Function],
          "touched": Object {},
          "unregisterField": [Function],
          "validateField": [Function],
          "validateForm": [Function],
          "validateOnBlur": true,
          "validateOnChange": true,
          "validateOnMount": false,
          "values": Object {
            "title": "",
          },
        }
      }
      id="title"
      onChange={[Function]}
      type="text"
      value=""
    />
    <button
      className="emotion-2 emotion-3"
      type="submit"
    >
      добавить
    </button>
    <button
      className="emotion-4 emotion-5"
      onClick={[Function]}
      type="button"
    >
      сброс
    </button>
  </div>
</form>
`;
