// Jest Snapshot v1, https://goo.gl/fbAQLP

exports[`<TodoListItem /> renders snapshot 1`] = `
.emotion-6 {
  margin-bottom: 10px;
  display: -webkit-box;
  display: -webkit-flex;
  display: -ms-flexbox;
  display: flex;
  -webkit-flex-wrap: wrap;
  -ms-flex-wrap: wrap;
  flex-wrap: wrap;
  -webkit-align-items: center;
  -webkit-box-align: center;
  -ms-flex-align: center;
  align-items: center;
}

.emotion-2 {
  font-family: monospace;
  font-size: 16px;
  color: #000;
  display: -webkit-box;
  display: -webkit-flex;
  display: -ms-flexbox;
  display: flex;
  cursor: pointer;
}

.emotion-0 {
  width: 16px;
  -webkit-flex-basis: 6px;
  -ms-flex-preferred-size: 6px;
  flex-basis: 6px;
  min-width: 16px;
  height: 16px;
  border: 1px solid blue;
  border-radius: 3px;
  margin-right: 10px;
  position: relative;
}

.emotion-0:before {
  content: '';
  position: absolute;
  top: 3px;
  left: 3px;
  width: 10px;
  height: 10px;
  border-radius: 2px;
  background-color: transparent;
}

.emotion-0:hover {
  cursor: pointer;
}

.emotion-4 {
  border: none;
  color: #fff;
  padding: 3px 10px;
  border-radius: 3px;
  background-color: #ec2c2c;
  margin-left: 10px;
}

.emotion-4:active {
  outline: none;
  box-shadow: none;
}

<div
  className="emotion-6 emotion-7"
>
  <div
    className="emotion-2 emotion-3"
    onClick={[Function]}
  >
    <div
      className="emotion-0 emotion-1"
    />
    test-title
  </div>
  <button
    className="emotion-4 emotion-5"
    onClick={[Function]}
  >
    удалить
  </button>
</div>
`;
