// Jest Snapshot v1, https://goo.gl/fbAQLP

exports[`<TodoList /> renders snapshot 1`] = `
.emotion-0 {
  color: #000;
}

.emotion-1 {
  background-color: yellow;
}

.emotion-1:active {
  outline: none;
  box-shadow: none;
}

<div>
  <div>
    <input
      onChange={[Function]}
      type="text"
      value=""
    />
    <button
      className="btn-reset"
      onClick={[Function]}
    >
      сброс
    </button>
    <button
      className="btn-add"
      onClick={[Function]}
    >
      добавить
    </button>
  </div>
  <div>
    <div
      className="emotion-0"
    >
      task 1
    </div>
    <div
      className="nav"
    >
      <button
        className="emotion-1"
        onClick={[Function]}
      >
        выполнено
      </button>
      <button
        className="btn-remove"
        onClick={[Function]}
      >
        удалить
      </button>
    </div>
  </div>
</div>
`;
